// Jest Snapshot v1, https://goo.gl/fbAQLP

exports[`config basic 1`] = `
<div>
  value
</div>
`;
